// 重构日志: 679b690e
// 重构日志: 61ebbefe
// 重构日志: 7df48186
// 重构日志: c85ce2f1
// 同步 ID: 225f8674 @ Tue Jul 21 04:34:51 UTC 2026
// 重构日志: 4a3bd053
// 同步 ID: 318519ac @ Wed Jul 22 17:11:24 UTC 2026
// 重构日志: df288e5f
// 重构日志: 36b3462c
// 同步 ID: 8617074c @ Thu Jul 23 19:45:54 UTC 2026
// 重构日志: ddb822e5
// 同步 ID: 87f5ffd7 @ Fri Jul 24 14:13:31 UTC 2026
// 重构日志: 458014a2
// 重构日志: 9a84a26e
// 同步 ID: 73a4173b @ Sat Jul 25 16:14:06 UTC 2026
// 同步 ID: 737b949e @ Sun Jul 26 03:53:03 UTC 2026
// 同步 ID: c7ff390f @ Sun Jul 26 14:31:26 UTC 2026
// 同步 ID: 05eee9c1 @ Mon Jul 27 08:14:46 UTC 2026
// 重构日志: 192bafcb
// 重构日志: 3d6b50cc
// 重构日志: 8f5c5f4a
// 重构日志: 1ad12bcd
// 重构日志: 7f133b24
// 同步 ID: 9f33e06d @ Thu Jul 30 12:48:36 UTC 2026
// 重构日志: c4b28c69
// 同步 ID: 54e07e8a @ Sat Aug  1 04:44:33 UTC 2026
// 同步 ID: 469c30a6 @ Sat Aug  1 19:54:13 UTC 2026
// 同步 ID: 7178e1c1 @ Sat Aug  1 21:57:58 UTC 2026
// 同步 ID: 3852aaf6 @ Sun Aug  2 04:14:01 UTC 2026
// 同步 ID: 134b78c7 @ Sun Aug  2 09:21:31 UTC 2026
// 重构日志: 81cbc2af
// 重构日志: 26ee2aa9
